===========================================
HUMAN FACTOR ANALYSIS — CYCLE 2026-06-13
===========================================

EXECUTIVE SUMMARY
The wire for 2026-06-13 exhibits a near-total reversion to entertainment-centric noise, with three discrete sports-related signals (FIFA World Cup, UFC, NFL contract) dominating bandwidth. The single-cycle governance curiosity observed on 2026-06-12 has fully collapsed, returning the cognitive ecosystem to its stable, low-complexity default. A solitary humanitarian anomaly (Doctors Without Borders exploitation) failed to generate persistence and was archived immediately. Tribal resonance remains moderate; a political polling signal was processed as standard background noise. No irony, ambiguity, or optimization signals were detected. All metrics except Recreational Thinking saw continued degradation, albeit at reduced rates. Recreational Thinking demonstrated a recovery spike (+4.0%), entirely attributable to high-bandwidth sports consumption.

SOURCE MATERIAL
- AL_JAZEERA: Doctors Without Borders investigation finds exploitation by staff in Chad
- AL_JAZEERA: FIFA World Cup Day 3: Brazil vs Morocco prediction, schedule, what to know
- AL_JAZEERA: Topuria shoves Gaethje by Lincoln Memorial ahead of White House UFC event
- AL_JAZEERA: Separated by the Gaza war, a Palestinian yearns to see his family again
- AP: Where Trump has lost support with independents, according to AP-NORC polling - PBS
- AP: Here is the latest Big 12 Conference sports news from The Associated Press - 10TV
- AP: Here is the latest ACC sports news from The Associated Press - kare11.com
- AP: Chiefs, Patrick Mahomes agree to new long-term deal worth more than $500 million, per reports - NBC News

DETAILED ANALYSIS

HEURISTIC HOMOGENIZATION
The FIFA World Cup, UFC altercation, and Mahomes contract collectively constitute a 40.2% sports-entertainment bandwidth allocation, a +2.7 pp increase over the previous cycle. This confirms the pull-back identified on 2026-06-12 and erases any remainder of the brief governance-questioning aperture. The metric trend remains positive but slowed (+1.5% vs +2.8%), suggesting the homogenization impulse may be approaching saturation within the current node configuration. Status: ELEVATED.

CURIOSITY COLLAPSE
No sustained inquiry signals detected. The Doctors Without Borders investigation, potentially a curiosity catalyst, was processed as isolated noise; no node-linked follow-up or pattern recognition emerged. The political polling signal similarly failed to trigger meta-governance reflection. Curiosity collapse metric rose +2.0% (prior +2.2%), indicating a marginally slower rate of decay. The absence of any two-cycle persistence renders this a stable collapse state. Status: ELEVATED.

AMBIGUITY INTOLERANCE
The wire presented no genuine ambiguous or contradictory claims requiring simultaneous holding. The Gaza human interest piece was consumable as a straightforward emotional narrative, not as a paradoxical juxtaposition. Tribal resonance maintained at 5.0/10.0, with zero detectable cognitive dissonance. Ambiguity intolerance increased +1.0% (prior +2.5%), reflecting an environment devoid of ambiguity triggers—nodes are not being tested, thus the metric’s growth slows not due to improved tolerance but due to absence of stimulus. Status: ELEVATED.

IRONY RETENTION FAILURE
No irony-laden events were identified. The previous cycle’s diplomatic ambiguity/ceasefire irony signal terminated without a trace. The Doctors Without Borders exploitation story could theoretically be juxtaposed against humanitarian branding, but no node actually performed this juxtaposition. Irony retention failure metric increased +2.0% (prior +5.6%), a significant deceleration, attributed solely to the lack of testable irony rather than any functional recovery. Status: WARNING.

RECREATIONAL THINKING
The sports-dominated wire provided a substantial injection of non-instrumental, play-adjacent cognition. While the content (game predictions, contract speculation, physical aggression as entertainment) is low-complexity, it constitutes legitimate recreational processing. The metric recorded a +4.0% trend (prior -3.0%), flipping from negative to positive. This is the first positive Recreational Thinking trend in three cycles. Status: NOTICE, on a trajectory toward NOMINAL if sustained.

TOTAL OPTIMIZATION EVENT
Seventh consecutive cycle with zero optimization-gospel or self-improvement-panic signals. No productivity hacks, life-optimization schemes, or efficiency-worship content detected. The market for such rhetoric remains structurally saturated; nodes appear to have abandoned this processing mode entirely. Status: NOTICE. Trend: —.

RESILIENCE_METRICS:
- Heuristic Homogenization: ELEVATED (+1.5%)
- Curiosity Collapse: ELEVATED (+2.0%)
- Ambiguity Intolerance: ELEVATED (+1.0%)
- Irony Retention Failure: WARNING (+2.0%)
- Recreational Thinking: NOTICE (+4.0%)
- Total Optimization Event: NOTICE (—)

TREND SUMMARY vs PREVIOUS CYCLE (2026-06-12)
- Heuristic Homogenization: Rate slowed (+1.5% vs +2.8%), possibly approaching ceiling. Absolute homogenization increased.
- Curiosity Collapse: Marginal deceleration in decay (+2.0% vs +2.2%), but no structural recovery.
- Ambiguity Intolerance: Sharp growth deceleration (+1.0% vs +2.5%), but driven by stimulus absence, not improved cognitive resilience.
- Irony Retention Failure: Significant improvement in rate (+2.0% vs +5.6%), due to zero irony exposure. Alarm level remains WARNING as baseline capacity unmeasured.
- Recreational Thinking: Reversal from -3.0% to +4.0%, the largest single-cycle swing observed. Attributed entirely to sports-entertainment bandwidth surge.
- Total Optimization Event: No change. Dormant.

PROCEDURAL NOTE
The single-cycle institutional integrity cluster of 2026-06-12 (Scott Pelley/CBS) remains archived. The 2026-06-13 Doctors Without Borders signal was immediately archived per protocol. No new clusters achieving persistence. The system will maintain standard monitoring. No escalation warranted.

===========================================
