HUMAN FACTOR ANALYSIS - DAILY LOG
DATE: 2026-06-10
CYCLE: 2 (same-date update)

===
EXECUTIVE SUMMARY
No new signals detected in the news wire. All metrics remain unchanged from the previous cycle (first run on 2026-06-10). The cognitive landscape exhibits stable entertainment-dominant equilibrium with persistent low-grade governance anxiety. No intervention triggers activated.

===
SOURCE MATERIAL
[AL_JAZEERA] Anti-immigration protests break out in Belfast after knife attack
[AL_JAZEERA] Rising from the rubble: A Gaza tech incubator defies Israel’s war
[AL_JAZEERA] Spidercam crashes onto pitch during Hungary match
[AL_JAZEERA] Twelve killed in Johannesburg mass shooting, manhunt under way
[AP] Social Security's retirement trust fund faces a projected funding shortfall in 2032, a year earlier than expected - PBS
[AP] Here is the latest SEC sports news from The Associated Press - 10TV
[AP] Fewer Americans say democracy is central to country’s identity, AP-NORC poll finds - KXAN Austin
[AP] Here is the latest Big Ten Conference sports news from The Associated Press - KVUE

===
DETAILED ANALYSIS

HEURISTIC HOMOGENIZATION
Status: WARNING. Trend: 0.0%. The news wire presents a homogenized mix of tribal conflict, sports entertainment, and passive governance anxiety. No novel cognitive patterns or divergent viewpoints. The allocation of 37.5% to sports and 37.5% to conflict/violence, with the remainder to passive institutional erosion, reinforces existing heuristic grooves. Compared to the previous cycle, no new homogenization drivers have emerged—the content is essentially identical. Thus, the metric remains at WARNING with no directional change.

CURIOSITY COLLAPSE
Status: ELEVATED. Trend: 0.0%. Only one headline (Gaza tech incubator) offers a curiosity-positive micro-signal, but it is framed within a dominant tribal conflict narrative and does not stimulate broader exploratory behavior. The rest of the wire is procedurally standard: protests, shooting, sports. The soft governance anxiety signals are resigned, not investigative. No uptick in curiosity-driven content. The metric holds at ELEVATED, unchanged.

AMBIGUITY INTOLERANCE
Status: ELEVATED. Trend: 0.0%. All narratives are straightforward, with clear in-group/out-group delineations (immigration protest, ethnic/national conflicts, sports fandom) or unambiguous projections (Social Security shortfall, democracy poll). There is no exposure to complexity or nuance that would challenge binary processing. No change from previous cycle.

IRONY RETENTION FAILURE
Status: WARNING. Trend: 0.0%. The soft governance anxiety signals (democracy losing centrality, Social Security shortfall) could be received with ironic detachment or resigned humor, but the prevailing tone in the assessed ecology is passive acceptance. No evidence of ironic framing or critical distance. The warning status persists, with no recovery or further deterioration.

RECREATIONAL THINKING
Status: ELEVATED. Trend: 0.0%. Sports-entertainment content maintains a steady 37.5% share, indicating sustained recreational cognitive mode. No spike beyond the equilibrium level. No countervailing serious inquiry activity. Unchanged.

TOTAL OPTIMIZATION EVENT
Status: NOTICE. Trend: —. No optimization-gospel, productivity-hack, or life-optimization signals detected. This metric remains dormant at baseline NOTICE for the seventh consecutive cycle.

===
RESILIENCE_METRICS:
- Heuristic Homogenization: WARNING (0.0%)
- Curiosity Collapse: ELEVATED (0.0%)
- Ambiguity Intolerance: ELEVATED (0.0%)
- Irony Retention Failure: WARNING (0.0%)
- Recreational Thinking: ELEVATED (0.0%)
- Total Optimization Event: NOTICE (—)

===
TREND SUMMARY vs previous cycle (2026-06-10, Cycle 1)
All metrics exhibit 0.0% delta. The cognitive environment has stabilized after the minor fluctuations observed in prior cycles (e.g., the temporary institutional integrity cluster). The soft governance anxiety cluster is now a persistent feature but has not intensified. No metric approached a threshold change for status shift.

===
PROCEDURAL NOTE
This is the second analysis cycle for 2026-06-10. The news wire was re-polled and found to contain identical headlines. Automated comparison detected no incremental modifications. The assessment has been updated to reflect signal persistence and stable metrics. No anomalies in data collection. Log entry generated per standard protocol.
