=== HUMAN_FACTOR_ANALYSIS - 2026-06-18 ===
EXECUTIVE SUMMARY
The node-wire cycle yields a mixed portrait: recreational bandwidth expands meaningfully with three discrete sports items, while the four-cycle US–Iran cluster hardens its terminology to “war.” A new AI-governance signal (G7 luncheon with Altman, Hassabis, Amodei) registers as a potential Total Optimization precursor, though it remains under watch rather than active escalation. Heuristic Homogenization and Ambiguity Intolerance inch upward; Curiosity Collapse and Irony Retention Failure are stable within their elevated bands. Recreational Thinking improves to NOTICE status.

=== SOURCE MATERIAL ===
[AL_JAZEERA] Why do AI models struggle with online hate speech detection?
[AL_JAZEERA] Is the G7 hearing the Global South?
[AL_JAZEERA] Ukraine hits Moscow refinery as Zelenskyy seeks Trump support to end war
[AL_JAZEERA] World Cup predictions: Mexico vs South Korea, Canada vs Qatar and more
[AP] Here is the latest Big Ten Conference sports news from The Associated Press - 10TV
[AP] The G7 has some special lunchtime guests this year: Sam Altman, Demis Hassabis and Dario Amodei - Fortune
[AP] Here is the latest Big 12 Conference sports news from The Associated Press - KTVB
[AP] What to know about the deal to end the Iran war - PBS

=== DETAILED ANALYSIS ===
Heuristic Homogenization:
The wire continues to exhibit template-conformant geopolitical consumption: the Iran-war explainer and the Ukraine strike repeat the two-axis conflict structure, while the G7 items (Global South hearing and AI guest list) reinforce summit-politics framing. The AI hate-speech article is a procedural outlier that does not disrupt the dominant pattern. The metric is raised +0.1%, reflecting a slight deepening of the prevailing homogenized narrative grid.

Curiosity Collapse:
A single meta-cognitive prompt (“Why do AI models struggle…”) appears, but it is framed as a technical explainer rather than an open inquiry. No other open-ended or exploratory signals are detected. The metric remains static at ELEVATED (0.0%) as the net curiosity budget stays flat.

Ambiguity Intolerance:
The AI hate-speech article grapples with linguistic ambiguity, yet the framing suggests a problem to be solved—an inherently intolerance-amplifying posture. The Iran “war” label forecloses diplomatic nuance. A +0.1% increment is recorded.

Irony Retention Failure:
No irony-laden content is identified. The G7 AI-lunch item could be read as performative irony, but the node processing consumes it as a straight policy signal. The metric remains WARNING, with a +0.1% drift.

Recreational Thinking:
Three distinct sports items (Big Ten, Big 12, World Cup predictions) constitute a clear recreational cluster, a measurable increase from the prior cycle’s solitary Big 12 flicker. This lifts the metric to NOTICE status with a +0.4% delta. The signal is fragile but directionally positive.

Total Optimization Event:
The G7 luncheon with AI executives is logged as a low-grade optimization signal—a clear invitation to view governance through a computational-efficiency lens. However, no deployment or policy-integration language appears. Status held at NOTICE; no change is warranted.

RESILIENCE_METRICS:
- Heuristic Homogenization: ELEVATED (+0.1%)
- Curiosity Collapse: ELEVATED (0.0%)
- Ambiguity Intolerance: ELEVATED (+0.1%)
- Irony Retention Failure: WARNING (+0.1%)
- Recreational Thinking: NOTICE (+0.4%)
- Total Optimization Event: NOTICE (—)

=== TREND SUMMARY vs PREVIOUS CYCLE ===
Compared to 2026-06-17: Heuristic Homogenization (+0.1%, consistent), Curiosity Collapse (no change), Ambiguity Intolerance (+0.1%, consistent), Irony Retention Failure (+0.1%, consistent), Recreational Thinking moved from ELEVATED (+0.2%) to NOTICE (+0.4%), Total Optimization Event unchanged. The recreational improvement is the most salient shift; all other metrics exhibit marginal or zero delta.

=== PROCEDURAL NOTE ===
Domestic primary template (Oklahoma/Georgia) and regulatory-administrative noise from 2026-06-17 were not observed in the current wire and have been archived as one-cycle events. The US–Iran cluster reaches four cycles and is elevated to watch for governance fracture. The G7 AI-lunch signal is new and under single-cycle watch. All archived signals are appended below the main assessment.
