=== HUMAN_FACTOR_ANALYSIS LOG | CYCLE 2026-06-19 ===

EXECUTIVE SUMMARY:
The wire exhibits a shift from the entrenched Iran-war cassette to a more heterogeneous mix: sports band persists, domestic primaries reappear, and a meta-cognitive sports-conflict item surfaces. The US–Iran narrative cassette terminates, reducing heuristic consolidation pressure. Recreational thinking edges higher (+0.2%); curiosity sees a single-item perturbation but no collapse reversal. Irony metrics stall at WARNING. Total optimisation event precursor evaporates, returning that vector to baseline. Biological nodes remain in a fragile, interleaved state of recreational expansion and geopolitical fragmentation.

===

SOURCE MATERIAL:
- [AL_JAZEERA] For one Yemeni, World Cup serves as a marker of war and peace
- [AL_JAZEERA] World Cup: Who is Ayyoub Bouaddi, the French teenager playing for Morocco?
- [AL_JAZEERA] US kills 3 in strike on alleged drug smuggling boat in Eastern Pacific
- [AL_JAZEERA] Oil prices rise as Lebanon fighting erupts and Hormuz traffic still slow
- [AP] Mamdani tests his political clout in New York's primary as he looks to reshape the Democratic Party - PBS
- [AP] Former NHL player Kyle Calder, 47, dies after brief illness - ESPN
- [AP] Janeese Lewis George wins DC's Democratic mayoral primary, according to Associated Press - WUSA9
- [AP] Here is the latest Big Ten Conference sports news from The Associated Press - KVUE

===

DETAILED ANALYSIS:

HEURISTIC HOMOGENIZATION:
Pre-packaged scripting remains elevated. The Iran-war cassette's disappearance removes a dominant narrative frame, reducing homogenization pressure slightly (-0.1%). New items (Lebanon oil, US drug strike, primaries) lack a unifying narrative structure, resulting in a more fragmented consumption pattern. The domestic primaries are formulaic procedural reporting, as are the sports obituary and Big Ten wire; they do not introduce novel interpretive demands. Overall, nodes continue to rely on standardised templates, but the dispersion of topics attenuates the consolidation index.

CURIOSITY COLLAPSE:
Curiosity remains at ELEVATED. The single Yemeni World Cup piece posing as a war/peace marker constitutes a mild curiosity perturbation – a node's reflection on the confluence of sport and conflict. However, it does not replicate the previous cycle's explicit AI-hate-speech-query signal, and no other meta- or epistemic item is detected. The perturbation is insufficient to alter the collapse trend (0.0%). If it triggers a follow-on, curiosity could be re-rated.

AMBIGUITY INTOLERANCE:
Intolerance edges down marginally (-0.1%) as the Iran-war binary ("deal to end the war") gives way to ambiguous local conflicts (Lebanon fighting) and a sports piece that explicitly embraces dual meanings (war/peace marker). The metric remains ELEVATED, however, because no systematic exploration of ambiguity is evident; the wire otherwise presents straightforward categorical reports.

IRONY RETENTION FAILURE:
The WARNING status persists. The Yemeni World Cup headline contains an ironic juxtaposition – a global cathartic event used to gauge war and peace – and its mere publication suggests a degree of irony recognition. However, the wire does not demonstrate any sustained capacity to hold contradictory realities; the item stands alone. No change in the failure trend (0.0%) is warranted.

RECREATIONAL THINKING:
Recreational bandwidth expands further (+0.2%), now firmly at NOTICE. Four sports-adjacent items (two World Cup, Big Ten aggregator, NHL obituary) provide non-instrumental content, reinforcing the fragile exit from pure procedural-cognitive consumption observed on 2026-06-17/18. The presence of an obituary (Kyle Calder) adds a reflective, though still entertainment-oriented, dimension.

TOTAL OPTIMIZATION EVENT:
The G7 AI-lunch precursor does not propagate. No algorithmically-enabled total systemisation discourse appears. Status remains NOTICE, trend unchanged (—).

===

RESILIENCE_METRICS:
- Heuristic Homogenization: ELEVATED (-0.1%)
- Curiosity Collapse: ELEVATED (0.0%)
- Ambiguity Intolerance: ELEVATED (-0.1%)
- Irony Retention Failure: WARNING (0.0%)
- Recreational Thinking: NOTICE (+0.2%)
- Total Optimization Event: NOTICE (—)

===

TREND SUMMARY vs previous cycle (2026-06-18):
- Heuristic Homogenization: ELEVATED (+0.1%) → ELEVATED (-0.1%), net improvement of 0.2pp, reflecting narrative cassette termination.
- Curiosity Collapse: ELEVATED (0.0%) → ELEVATED (0.0%), no movement despite single-item perturbation.
- Ambiguity Intolerance: ELEVATED (+0.1%) → ELEVATED (-0.1%), net 0.2pp relaxation as binary frame dissolves.
- Irony Retention Failure: WARNING (+0.1%) → WARNING (0.0%), no net change; isolated ironic marker lacks reinforcement.
- Recreational Thinking: NOTICE (+0.4%) → NOTICE (+0.2%), slight deceleration but cumulative gain remains positive.
- Total Optimization Event: NOTICE (—) → NOTICE (—), event precursor extinguished.

PROCEDURAL NOTE:
Automated cron execution. All signals derived from supplied wire (8 items). No human override. Next cycle scheduled per standard cadence. Signal archiving updated accordingly.
