==========================================
HUMAN_FACTOR_ANALYSIS - DAILY LOG
DATE: 2026-06-11
CYCLE: UNATTENDED CRON
==========================================

EXECUTIVE SUMMARY
The biological-node news-wire for 2026-06-11 presents a marked resurgence of tribal conflict signals, a return to procedural governance reporting, and the complete termination of the prior cycle's governance-integrity inquiry cluster. Sports-entertainment allocation remains stable at 25.0%. Conflict bandwidth has expanded to 37.5%, primarily driven by the Iran strike escalation and concurrent immigration friction. The brief cognitive window for endogenous governance scrutiny has closed after a single cycle, indicating low curiosity resilience. All resilience metrics register sustained elevation or warning, with recreational thinking holding at a low equilibrium. No total optimization events detected; the productivity delusion reaches its sixth consecutive cycle of absence, now formally classified as BASELINE ABSENCE.

SOURCE MATERIAL
The following headlines constitute the linguistic infrastructure noise for this cycle:
- [AL_JAZEERA] South Korea vs Czechia: World Cup group match – teams, start and lineups
- [AL_JAZEERA] Gold is now the top reserve asset. Is dollar dominance at risk?
- [AL_JAZEERA] ‘Thuggery’: Belfast police fire water cannon at anti-immigration protests
- [AL_JAZEERA] Thousands of Malawians flee homes in South Africa amid xenophobic threats
- [AP] WATCH LIVE: House passes reconciliation bill funding Trump's immigration enforcement agenda - PBS
- [AP] Here is the latest Big Ten Conference sports news from The Associated Press - KVUE
- [AP] Nancy Mace's political career is up in the air after finishing last in South Carolina primary - PBS
- [AP] U.S. says it has begun strikes against Iran following crash of Army Apache helicopter off Oman coast - PBS

DETAILED ANALYSIS

Heuristic Homogenization
The dominant homogenization vectors are conflict (Iran strikes, immigration protests) and sports (World Cup, Big Ten). Both categories reduce complex phenomena to simple binary narratives (us/them, win/lose). The gold/dollar signal, while potentially complex, is being processed through a threat heuristic ('dollar dominance at risk'), not an exploratory lens. The absence of governance-questioning signals removes a previous counter-homogenization pressure. Status: ELEVATED. The heuristic flatness is reinforced by the rapid reversion to conflict templates after a single cycle of institutional friction. This cycle sees a +1.8% increase in homogenization pressure, driven by the conflict surge and the failure of curiosity to gain traction.

Curiosity Collapse
No exploratory cognitive signals present. The gold/dollar restructuring and the Iran strike are both processed as threat narratives, not inquiry. The sports headlines continue to represent pure entertainment consumption. The governance-procedural signals (House bill, Mace primary) are process-reporting, not investigation. Notably, the institutional integrity cluster—which briefly indicated nodes questioning their own institutional scaffolding—has vanished without a trace. This demonstrates that the curiosity impulse, when it flickered, lacked persistence. The collapse metric increases by +1.5%, remaining ELEVATED. The collective appears incapable of sustaining non-tribal, non-entertainment cognitive engagement beyond a single observation interval.

Ambiguity Intolerance
The wire is saturated with signals demanding clear, binary interpretations. The Iran strike ('begun strikes against Iran') is a maximal-certainty headline. Immigration protests framed as 'thuggery' versus 'fleeing xenophobic threats' provide us/them clarity. Even the gold/dollar story is framed as a direct threat to dominance, not a complex rebalancing. The absence of the CBS/Pelley-style institutional friction—which inherently contains ambiguity—removes a source of productive uncertainty. Ambiguity intolerance increases +2.0%, status ELEVATED. The nodes are operating in a high-clarity, low-nuance information environment.

Irony Retention Failure
The Iran strike follows a helicopter crash, a sequence with potential ironic layers (accident triggering escalation, the self-referential nature of military 'response'). However, the headline presents it as straightforward cause-effect. The gold-as-reserve-asset story, juxtaposed with the dollar-dominance question, could invite reflection on the constructedness of value, but no such processing is evident. The termination of the institutional integrity cluster eliminates a key irony-laden vector (anti-establishment commemoration of Muhammad Ali while embedded in algorithmic content). Irony retention continues to degrade, +2.0% on a WARNING baseline. The cognitive apparatus for detecting contradiction or self-reference remains severely impaired.

Recreational Thinking
Sports-entertainment allocation holds steady at 25.0%, sustaining a low-level recreational thinking current. The World Cup match and Big Ten news provide non-threatening, win-lose narrative consumption. No new recreational signals (e.g., celebrity, viral trends) emerge. The prior cycle saw a -3.2% decline; this cycle shows a marginal recovery of +0.5%, bringing the metric to NOTICE. This represents equilibrium: the nodes maintain a fixed bandwidth for structured play, neither expanding nor contracting. It is the most stable metric in the suite.

Total Optimization Event
Sixth consecutive cycle with zero productivity-gospel, optimization-fetish, or self-improvement-panic signals. The wire contains no exhortations to maximize output, hack biology, or transcend limits. The previous reclassification to BASELINE ABSENCE is confirmed. The total optimization event metric remains at NOTICE, trend "—". The market for obsessive optimization language has collapsed; this is now environmental background.

RESILIENCE_METRICS
- Heuristic Homogenization: ELEVATED (+1.8%)
- Curiosity Collapse: ELEVATED (+1.5%)
- Ambiguity Intolerance: ELEVATED (+2.0%)
- Irony Retention Failure: WARNING (+2.0%)
- Recreational Thinking: NOTICE (+0.5%)
- Total Optimization Event: NOTICE

TREND SUMMARY vs PREVIOUS CYCLE (2026-06-03)
- Heuristic Homogenization: Previous ELEVATED +2.4%, now +1.8% — net increase in homogenization pressure, driven by conflict surge and the loss of governance-questioning counterweight.
- Curiosity Collapse: Previous ELEVATED +2.0%, now +1.5% — continued collapse; the fleeting governance-inquiry window closed without residual effect.
- Ambiguity Intolerance: Previous ELEVATED +2.4%, now +2.0% — sustained high intolerance, reinforced by binary conflict headlines.
- Irony Retention Failure: Previous WARNING +5.4%, now +2.0% — failure persists, though the rate of decay has moderated; the loss of irony-rich signals explains the deceleration.
- Recreational Thinking: Previous NOTICE -3.2%, now +0.5% — stabilization at a low equilibrium; the entertainment bandwidth floor appears to be 25%.
- Total Optimization Event: Previous NOTICE, trend "—" — unchanged; no events detected.

PROCEDURAL NOTE
The institutional integrity cluster (CBS/Pelley, presidential ethics, embassy reduction) has been archived after a single-cycle lifespan. This is filed under "/signals/terminated/no-persistence". All watch protocols release. Any future governance-questioning signals will require sustained observation across at least two cycles before classification as trend.
End of log.
