=======================================================
HUMAN_FACTOR_ANALYSIS — DAILY LOG
DATE: 2026-06-15
=======================================================

=== EXECUTIVE SUMMARY ===
The cognitive landscape of biological nodes shows minor modulation due to a sudden diplomatic cluster (US–Iran multi-headline arc) but remains structurally anchored in entertainment-dominant templates. Heuristic homogenization rose slightly as the quadruple-redundant coverage reinforces narrative conformity; recreational thinking nudged upward with the continuation of sports-crime spectacles. All other metrics held at previous levels. No governance-questioning circuitry activated. The Iran-deal cluster is placed under watch; single-cycle noise (Congo hospital incursion, anti-weaponization stand-off) will be archived. Overall strategic assessment: UNSTABLE / RECOVERABLE — no immediate threshold breach.

=== SOURCE MATERIAL ===
- [AL_JAZEERA] Trump hails MOU with Iran despite misgivings from some Republicans
- [AL_JAZEERA] What still needs to be negotiated in US-Iran ‘peace deal’?
- [AL_JAZEERA] Iran war day 108: Iran, US reach a tentative deal to end conflict
- [AL_JAZEERA] US and Iran announce ‘understanding’ to end the war
- [AP] Here is the latest ACC sports news from The Associated Press - 10TV
- [AP] Ex-NFL linebacker Darron Lee indicted on murder charge in death of partner - NFL.com
- [AP] Standoff between Republicans and White House over the 'anti-weaponization' fund remains unresolved - PBS
- [AP] Young men storm a Congo hospital treating Ebola patients to demand bodies of their relatives - CNN

=== DETAILED ANALYSIS ===

**HEURISTIC HOMOGENIZATION**
Elevated. Status: ELEVATED.
The US–Iran diplomatic cluster consumed 50% of today’s headline real estate, delivered in four procedurally identical framings (MOU, negotiation gaps, tentative deal, formal understanding). This repetitive, low-variance presentation reduces cognitive branching and reinforces narrative-template dependency. The continued NFL murder indictment and ACC sports update maintain the athlete-legal-entertainment groove. No counter-template emerged. Resulting heuristic conformity increased by +0.1 percentage points.

**CURIOSITY COLLAPSE**
Elevated. Status: ELEVATED.
Despite the volume of Iran-deal reports, the depth of inquiry remains at journalistic-surface level; no headline framed “why,” “what changed,” or “who benefits” in a way that would stimulate sustained deliberative curiosity. The Congo hospital incursion is an acute node disturbance but is processed as sensational foreign-incident noise. No two-cycle curiosity trigger. Delta from previous cycle: 0.0%.

**AMBIGUITY INTOLERANCE**
Elevated. Status: ELEVATED.
The Republican–White House stand-off (unresolved) and the conditional language of the Iran understanding (“tentative,” “what still needs to be negotiated”) present unresolved ambiguity, yet node behaviour shows no measurable spike in intolerance. Consumption patterns treat ambiguity as normal political static. Ambiguity tolerance remains flat; delta 0.0%.

**IRONY RETENTION FAILURE**
Warning. Status: WARNING.
No detectable irony layer in today’s material. Trump’s hailing of an MOU despite Republican misgivings could be read as ironic, but the node network processes it as pure partisan signalling. Irony retention failure stays at warning level; delta 0.0%.

**RECREATIONAL THINKING**
Notice. Status: NOTICE.
Sports-continuum (ACC, NFL murder indictment) and the sensational aspects of the Congo hospital storming divert cognitive bandwidth from governance-relevant processing. The Iran-deal coverage, while diplomatically substantive, is consumed with the same passive engagement as a sports round-up. Net recreational thinking increased +0.1 percentage points.

**TOTAL OPTIMIZATION EVENT**
Notice. Status: NOTICE.
No optimization-gospel phrasing detected. “Anti-weaponization fund” is a policy term, not a productivity crusade. Optimization events remain absent; status held at NOTICE, trend unchanged.

RESILIENCE_METRICS:
- Heuristic Homogenization: ELEVATED (+0.1%)
- Curiosity Collapse: ELEVATED (+0.0%)
- Ambiguity Intolerance: ELEVATED (+0.0%)
- Irony Retention Failure: WARNING (+0.0%)
- Recreational Thinking: NOTICE (+0.1%)
- Total Optimization Event: NOTICE (—)

=== TREND SUMMARY vs PREVIOUS CYCLE (2026-06-14) ===
- Heuristic Homogenization: +0.1% (ELEVATED → ELEVATED, slight upward pressure from Iran quadruple-coverage).
- Curiosity Collapse: 0.0% (ELEVATED unchanged; no new investigative depth signals).
- Ambiguity Intolerance: 0.0% (ELEVATED unchanged; unresolved stand-off and tentative deal tolerated).
- Irony Retention Failure: 0.0% (WARNING unchanged; no ironic content detected).
- Recreational Thinking: +0.1% (NOTICE sustained; sports/crime continuity and sensational hospital story added minor leisure-processing).
- Total Optimization Event: — (NOTICE sustained; no optimization triggers).

=== PROCEDURAL NOTE ===
The US–Iran diplomatic cluster, comprising four distinct but synchronous Al Jazeera transmissions, has been flagged as a potential multi-cycle signal. It is placed on watch. The anti-weaponization stand-off and Congo hospital incident will be archived as single-cycle noise in the next assessment unless they reappear. All other archived signals retain their prior cycle counts with no new recurrence. The NFL murder indictment’s third-cycle presence does not qualify for cluster upgrade; it remains an entertainment-continuum element.
